// Jest Snapshot v1, https://goo.gl/fbAQLP

exports[`<NotFound /> should match default snapshot 1`] = `
<StyledComponent
  forwardedComponent={
    Object {
      "$$typeof": Symbol(react.forward_ref),
      "attrs": Array [],
      "componentStyle": ComponentStyle {
        "componentId": "NotFoundPage-sc-18uc5oq-0",
        "isStatic": true,
        "rules": Array [
          ".not-found__title{font-family:var(--site-font);font-size:32px;text-align:center;margin:32px 0;}.not-found__content{width:100%;max-width:600px;margin:32px auto;}",
        ],
      },
      "displayName": "NotFoundPage",
      "foldedComponentIds": Array [],
      "render": [Function],
      "styledComponentId": "NotFoundPage-sc-18uc5oq-0",
      "target": [Function],
      "toString": [Function],
      "warnTooManyClasses": [Function],
      "withComponent": [Function],
    }
  }
  forwardedRef={null}
/>
`;
